-- The C compiler identification is GNU 9.4.0
-- The CXX compiler identification is GNU 9.4.0
-- Check for working C compiler: /usr/bin/cc
-- Check for working C compiler: /usr/bin/cc -- works
-- Detecting C compiler ABI info
-- Detecting C compiler ABI info - done
-- Detecting C compile features
-- Detecting C compile features - done
-- Check for working CXX compiler: /usr/bin/c++
-- Check for working CXX compiler: /usr/bin/c++ -- works
-- Detecting CXX compiler ABI info
-- Detecting CXX compiler ABI info - done
-- Detecting CXX compile features
-- Detecting CXX compile features - done
-- Found ament_cmake: 0.9.12 (/opt/ros/foxy/share/ament_cmake/cmake)
-- Found PythonInterp: /usr/bin/python3 (found suitable version "3.8.10", minimum required is "3") 
-- Using PYTHON_EXECUTABLE: /usr/bin/python3
-- Found ament_lint_auto: 0.9.8 (/opt/ros/foxy/share/ament_lint_auto/cmake)
-- Added test 'copyright' to check source files copyright and LICENSE
-- Added test 'cppcheck' to perform static code analysis on C / C++ code
-- Configured cppcheck include dirs: 
-- Configured cppcheck exclude dirs and/or files: 
-- Added test 'cpplint' to check C / C++ code against the Google style
-- Configured cpplint exclude dirs and/or files: 
-- Added test 'flake8' to check Python code syntax and style conventions
-- Added test 'lint_cmake' to check CMake code style
-- Added test 'pep257' to check Python code against some of the style conventions in PEP 257
-- Added test 'uncrustify' to check C / C++ code style
-- Configured uncrustify additional arguments: 
-- Added test 'xmllint' to check XML markup files
-- Configuring done
-- Generating done
-- Build files have been written to: /urdf_ex/build/sasmitha_urdf
-- Install configuration: ""
-- Installing: /urdf_ex/install/sasmitha_urdf/share/sasmitha_urdf//launch
-- Installing: /urdf_ex/install/sasmitha_urdf/share/sasmitha_urdf//launch/simulation.launch.py
-- Installing: /urdf_ex/install/sasmitha_urdf/share/sasmitha_urdf//urdf
-- Installing: /urdf_ex/install/sasmitha_urdf/share/sasmitha_urdf//urdf/robot.gazebo
-- Installing: /urdf_ex/install/sasmitha_urdf/share/sasmitha_urdf//urdf/robot.xacro
-- Installing: /urdf_ex/install/sasmitha_urdf/share/sasmitha_urdf//worlds
-- Installing: /urdf_ex/install/sasmitha_urdf/share/sasmitha_urdf//worlds/four_walls.world
-- Installing: /urdf_ex/install/sasmitha_urdf/share/sasmitha_urdf//worlds/gazebo_four_walls.world
-- Installing: /urdf_ex/install/sasmitha_urdf/share/ament_index/resource_index/package_run_dependencies/sasmitha_urdf
-- Installing: /urdf_ex/install/sasmitha_urdf/share/ament_index/resource_index/parent_prefix_path/sasmitha_urdf
-- Installing: /urdf_ex/install/sasmitha_urdf/share/sasmitha_urdf/environment/ament_prefix_path.sh
-- Installing: /urdf_ex/install/sasmitha_urdf/share/sasmitha_urdf/environment/ament_prefix_path.dsv
-- Installing: /urdf_ex/install/sasmitha_urdf/share/sasmitha_urdf/environment/path.sh
-- Installing: /urdf_ex/install/sasmitha_urdf/share/sasmitha_urdf/environment/path.dsv
-- Installing: /urdf_ex/install/sasmitha_urdf/share/sasmitha_urdf/local_setup.bash
-- Installing: /urdf_ex/install/sasmitha_urdf/share/sasmitha_urdf/local_setup.sh
-- Installing: /urdf_ex/install/sasmitha_urdf/share/sasmitha_urdf/local_setup.zsh
-- Installing: /urdf_ex/install/sasmitha_urdf/share/sasmitha_urdf/local_setup.dsv
-- Installing: /urdf_ex/install/sasmitha_urdf/share/sasmitha_urdf/package.dsv
-- Installing: /urdf_ex/install/sasmitha_urdf/share/ament_index/resource_index/packages/sasmitha_urdf
-- Installing: /urdf_ex/install/sasmitha_urdf/share/sasmitha_urdf/cmake/sasmitha_urdfConfig.cmake
-- Installing: /urdf_ex/install/sasmitha_urdf/share/sasmitha_urdf/cmake/sasmitha_urdfConfig-version.cmake
-- Installing: /urdf_ex/install/sasmitha_urdf/share/sasmitha_urdf/package.xml
