[0.030s] Invoking command in '/urdf_ex/build/urdf_ex': CMAKE_PREFIX_PATH=${CMAKE_PREFIX_PATH}:/opt/ros/foxy /usr/bin/cmake --build /urdf_ex/build/urdf_ex -- -j16 -l16
[0.133s] Invoked command in '/urdf_ex/build/urdf_ex' returned '0': CMAKE_PREFIX_PATH=${CMAKE_PREFIX_PATH}:/opt/ros/foxy /usr/bin/cmake --build /urdf_ex/build/urdf_ex -- -j16 -l16
[0.248s] Invoking command in '/urdf_ex/build/urdf_ex': CMAKE_PREFIX_PATH=${CMAKE_PREFIX_PATH}:/opt/ros/foxy /usr/bin/cmake --install /urdf_ex/build/urdf_ex
[0.273s] -- Install configuration: ""
[0.273s] -- Up-to-date: /urdf_ex/install/urdf_ex/share/urdf_ex//launch
[0.274s] -- Up-to-date: /urdf_ex/install/urdf_ex/share/urdf_ex//launch/simulation.launch.py
[0.274s] -- Up-to-date: /urdf_ex/install/urdf_ex/share/urdf_ex//urdf
[0.274s] -- Up-to-date: /urdf_ex/install/urdf_ex/share/urdf_ex//urdf/robot.gazebo
[0.274s] -- Up-to-date: /urdf_ex/install/urdf_ex/share/urdf_ex//urdf/robot.xacro
[0.275s] -- Up-to-date: /urdf_ex/install/urdf_ex/share/urdf_ex//worlds
[0.275s] -- Up-to-date: /urdf_ex/install/urdf_ex/share/urdf_ex//worlds/four_walls.world
[0.275s] -- Up-to-date: /urdf_ex/install/urdf_ex/share/urdf_ex//worlds/gazebo_four_walls.world
[0.275s] -- Up-to-date: /urdf_ex/install/urdf_ex/share/ament_index/resource_index/package_run_dependencies/urdf_ex
[0.275s] -- Up-to-date: /urdf_ex/install/urdf_ex/share/ament_index/resource_index/parent_prefix_path/urdf_ex
[0.275s] -- Up-to-date: /urdf_ex/install/urdf_ex/share/urdf_ex/environment/ament_prefix_path.sh
[0.276s] -- Up-to-date: /urdf_ex/install/urdf_ex/share/urdf_ex/environment/ament_prefix_path.dsv
[0.276s] -- Up-to-date: /urdf_ex/install/urdf_ex/share/urdf_ex/environment/path.sh
[0.276s] -- Up-to-date: /urdf_ex/install/urdf_ex/share/urdf_ex/environment/path.dsv
[0.277s] -- Up-to-date: /urdf_ex/install/urdf_ex/share/urdf_ex/local_setup.bash
[0.279s] -- Up-to-date: /urdf_ex/install/urdf_ex/share/urdf_ex/local_setup.sh
[0.279s] -- Up-to-date: /urdf_ex/install/urdf_ex/share/urdf_ex/local_setup.zsh
[0.283s] -- Up-to-date: /urdf_ex/install/urdf_ex/share/urdf_ex/local_setup.dsv
[0.284s] -- Up-to-date: /urdf_ex/install/urdf_ex/share/urdf_ex/package.dsv
[0.284s] -- Up-to-date: /urdf_ex/install/urdf_ex/share/ament_index/resource_index/packages/urdf_ex
[0.285s] -- Up-to-date: /urdf_ex/install/urdf_ex/share/urdf_ex/cmake/urdf_exConfig.cmake
[0.286s] -- Up-to-date: /urdf_ex/install/urdf_ex/share/urdf_ex/cmake/urdf_exConfig-version.cmake
[0.286s] -- Up-to-date: /urdf_ex/install/urdf_ex/share/urdf_ex/package.xml
[0.287s] Invoked command in '/urdf_ex/build/urdf_ex' returned '0': CMAKE_PREFIX_PATH=${CMAKE_PREFIX_PATH}:/opt/ros/foxy /usr/bin/cmake --install /urdf_ex/build/urdf_ex
