[0.358s] DEBUG:colcon:Command line arguments: ['/usr/bin/colcon', 'build']
[0.358s] DEBUG:colcon:Parsed command line arguments: Namespace(ament_cmake_args=None, base_paths=['.'], build_base='build', catkin_cmake_args=None, catkin_skip_building_tests=False, cmake_args=None, cmake_clean_cache=False, cmake_clean_first=False, cmake_force_configure=False, cmake_target=None, cmake_target_skip_unavailable=False, continue_on_error=False, event_handlers=None, executor='parallel', ignore_user_meta=False, install_base='install', log_base=None, log_level=None, main=<bound method BuildVerb.main of <colcon_core.verb.build.BuildVerb object at 0x74380e74dc40>>, merge_install=False, metas=['./colcon.meta'], mixin=None, mixin_files=None, mixin_verb=('build',), packages_above=None, packages_above_and_dependencies=None, packages_above_depth=None, packages_end=None, packages_ignore=None, packages_ignore_regex=None, packages_select=None, packages_select_build_failed=False, packages_select_by_dep=None, packages_select_regex=None, packages_select_test_failures=False, packages_skip=None, packages_skip_build_finished=False, packages_skip_by_dep=None, packages_skip_regex=None, packages_skip_test_passed=False, packages_skip_up_to=None, packages_start=None, packages_up_to=None, packages_up_to_regex=None, parallel_workers=16, paths=None, symlink_install=False, test_result_base=None, verb_extension=<colcon_core.verb.build.BuildVerb object at 0x74380e74dc40>, verb_name='build', verb_parser=<colcon_mixin.mixin.mixin_argument.MixinArgumentDecorator object at 0x74380e6dc250>)
[0.395s] Level 1:colcon.colcon_core.package_discovery:discover_packages(colcon_meta) check parameters
[0.395s] Level 1:colcon.colcon_core.package_discovery:discover_packages(recursive) check parameters
[0.395s] Level 1:colcon.colcon_core.package_discovery:discover_packages(ignore) check parameters
[0.395s] Level 1:colcon.colcon_core.package_discovery:discover_packages(path) check parameters
[0.395s] Level 1:colcon.colcon_core.package_discovery:discover_packages(colcon_meta) discover
[0.395s] Level 1:colcon.colcon_core.package_discovery:discover_packages(recursive) discover
[0.395s] INFO:colcon.colcon_core.package_discovery:Crawling recursively for packages in '/urdf_ex'
[0.395s] Level 1:colcon.colcon_core.package_identification:_identify(.) by extensions ['ignore', 'ignore_ament_install']
[0.395s] Level 1:colcon.colcon_core.package_identification:_identify(.) by extension 'ignore'
[0.395s] Level 1:colcon.colcon_core.package_identification:_identify(.) by extension 'ignore_ament_install'
[0.395s] Level 1:colcon.colcon_core.package_identification:_identify(.) by extensions ['colcon_pkg']
[0.395s] Level 1:colcon.colcon_core.package_identification:_identify(.) by extension 'colcon_pkg'
[0.395s] Level 1:colcon.colcon_core.package_identification:_identify(.) by extensions ['colcon_meta']
[0.396s] Level 1:colcon.colcon_core.package_identification:_identify(.) by extension 'colcon_meta'
[0.396s] Level 1:colcon.colcon_core.package_identification:_identify(.) by extensions ['ros']
[0.396s] Level 1:colcon.colcon_core.package_identification:_identify(.) by extension 'ros'
[0.426s] DEBUG:colcon.colcon_core.package_identification:Package '.' with type 'ros.ament_cmake' and name 'sasmitha_urdf'
[0.426s] Level 1:colcon.colcon_core.package_discovery:discover_packages(recursive) using defaults
[0.426s] Level 1:colcon.colcon_core.package_discovery:discover_packages(ignore) discover
[0.426s] Level 1:colcon.colcon_core.package_discovery:discover_packages(ignore) using defaults
[0.426s] Level 1:colcon.colcon_core.package_discovery:discover_packages(path) discover
[0.426s] Level 1:colcon.colcon_core.package_discovery:discover_packages(path) using defaults
[0.450s] Level 5:colcon.colcon_core.verb:set package 'sasmitha_urdf' build argument 'cmake_args' from command line to 'None'
[0.451s] Level 5:colcon.colcon_core.verb:set package 'sasmitha_urdf' build argument 'cmake_target' from command line to 'None'
[0.451s] Level 5:colcon.colcon_core.verb:set package 'sasmitha_urdf' build argument 'cmake_target_skip_unavailable' from command line to 'False'
[0.451s] Level 5:colcon.colcon_core.verb:set package 'sasmitha_urdf' build argument 'cmake_clean_cache' from command line to 'False'
[0.451s] Level 5:colcon.colcon_core.verb:set package 'sasmitha_urdf' build argument 'cmake_clean_first' from command line to 'False'
[0.451s] Level 5:colcon.colcon_core.verb:set package 'sasmitha_urdf' build argument 'cmake_force_configure' from command line to 'False'
[0.451s] Level 5:colcon.colcon_core.verb:set package 'sasmitha_urdf' build argument 'ament_cmake_args' from command line to 'None'
[0.451s] Level 5:colcon.colcon_core.verb:set package 'sasmitha_urdf' build argument 'catkin_cmake_args' from command line to 'None'
[0.451s] Level 5:colcon.colcon_core.verb:set package 'sasmitha_urdf' build argument 'catkin_skip_building_tests' from command line to 'False'
[0.451s] DEBUG:colcon.colcon_core.verb:Building package 'sasmitha_urdf' with the following arguments: {'ament_cmake_args': None, 'build_base': '/urdf_ex/build/sasmitha_urdf', 'catkin_cmake_args': None, 'catkin_skip_building_tests': False, 'cmake_args': None, 'cmake_clean_cache': False, 'cmake_clean_first': False, 'cmake_force_configure': False, 'cmake_target': None, 'cmake_target_skip_unavailable': False, 'install_base': '/urdf_ex/install/sasmitha_urdf', 'merge_install': False, 'path': '/urdf_ex', 'symlink_install': False, 'test_result_base': None}
[0.452s] INFO:colcon.colcon_core.executor:Executing jobs using 'parallel' executor
[0.458s] DEBUG:colcon.colcon_parallel_executor.executor.parallel:run_until_complete
[0.458s] INFO:colcon.colcon_ros.task.ament_cmake.build:Building ROS package in '/urdf_ex' with build type 'ament_cmake'
[0.459s] INFO:colcon.colcon_cmake.task.cmake.build:Building CMake package in '/urdf_ex'
[0.465s] INFO:colcon.colcon_core.plugin_system:Skipping extension 'colcon_core.shell.bat': Not used on non-Windows systems
[0.465s] INFO:colcon.colcon_core.shell:Skip shell extension 'powershell' for command environment: Not usable outside of PowerShell
[0.465s] DEBUG:colcon.colcon_core.shell:Skip shell extension 'dsv' for command environment
[0.486s] DEBUG:colcon.colcon_core.event_handler.log_command:Invoking command in '/urdf_ex/build/sasmitha_urdf': CMAKE_PREFIX_PATH=${CMAKE_PREFIX_PATH}:/opt/ros/foxy /usr/bin/cmake /urdf_ex -DCMAKE_INSTALL_PREFIX=/urdf_ex/install/sasmitha_urdf
[2.165s] DEBUG:colcon.colcon_core.event_handler.log_command:Invoked command in '/urdf_ex/build/sasmitha_urdf' returned '0': CMAKE_PREFIX_PATH=${CMAKE_PREFIX_PATH}:/opt/ros/foxy /usr/bin/cmake /urdf_ex -DCMAKE_INSTALL_PREFIX=/urdf_ex/install/sasmitha_urdf
[2.171s] DEBUG:colcon.colcon_core.event_handler.log_command:Invoking command in '/urdf_ex/build/sasmitha_urdf': CMAKE_PREFIX_PATH=${CMAKE_PREFIX_PATH}:/opt/ros/foxy /usr/bin/cmake --build /urdf_ex/build/sasmitha_urdf -- -j16 -l16
[2.274s] DEBUG:colcon.colcon_core.event_handler.log_command:Invoked command in '/urdf_ex/build/sasmitha_urdf' returned '0': CMAKE_PREFIX_PATH=${CMAKE_PREFIX_PATH}:/opt/ros/foxy /usr/bin/cmake --build /urdf_ex/build/sasmitha_urdf -- -j16 -l16
[2.388s] DEBUG:colcon.colcon_core.event_handler.log_command:Invoking command in '/urdf_ex/build/sasmitha_urdf': CMAKE_PREFIX_PATH=${CMAKE_PREFIX_PATH}:/opt/ros/foxy /usr/bin/cmake --install /urdf_ex/build/sasmitha_urdf
[2.429s] Level 1:colcon.colcon_core.environment:create_environment_scripts_only(sasmitha_urdf)
[2.432s] DEBUG:colcon.colcon_core.event_handler.log_command:Invoked command in '/urdf_ex/build/sasmitha_urdf' returned '0': CMAKE_PREFIX_PATH=${CMAKE_PREFIX_PATH}:/opt/ros/foxy /usr/bin/cmake --install /urdf_ex/build/sasmitha_urdf
[2.444s] Level 1:colcon.colcon_core.environment:checking '/urdf_ex/install/sasmitha_urdf' for CMake module files
[2.445s] Level 1:colcon.colcon_core.environment:checking '/urdf_ex/install/sasmitha_urdf' for CMake config files
[2.446s] Level 1:colcon.colcon_core.shell:create_environment_hook('sasmitha_urdf', 'cmake_prefix_path')
[2.448s] INFO:colcon.colcon_core.shell:Creating environment hook '/urdf_ex/install/sasmitha_urdf/share/sasmitha_urdf/hook/cmake_prefix_path.ps1'
[2.449s] INFO:colcon.colcon_core.shell:Creating environment descriptor '/urdf_ex/install/sasmitha_urdf/share/sasmitha_urdf/hook/cmake_prefix_path.dsv'
[2.450s] INFO:colcon.colcon_core.shell:Creating environment hook '/urdf_ex/install/sasmitha_urdf/share/sasmitha_urdf/hook/cmake_prefix_path.sh'
[2.451s] Level 1:colcon.colcon_core.environment:checking '/urdf_ex/install/sasmitha_urdf/bin'
[2.451s] Level 1:colcon.colcon_core.environment:checking '/urdf_ex/install/sasmitha_urdf/lib/pkgconfig/sasmitha_urdf.pc'
[2.453s] Level 1:colcon.colcon_core.environment:checking '/urdf_ex/install/sasmitha_urdf/lib/python3.8/site-packages'
[2.454s] Level 1:colcon.colcon_core.environment:checking '/urdf_ex/install/sasmitha_urdf/bin'
[2.456s] INFO:colcon.colcon_core.shell:Creating package script '/urdf_ex/install/sasmitha_urdf/share/sasmitha_urdf/package.ps1'
[2.458s] INFO:colcon.colcon_core.shell:Creating package descriptor '/urdf_ex/install/sasmitha_urdf/share/sasmitha_urdf/package.dsv'
[2.459s] INFO:colcon.colcon_core.shell:Creating package script '/urdf_ex/install/sasmitha_urdf/share/sasmitha_urdf/package.sh'
[2.460s] INFO:colcon.colcon_core.shell:Creating package script '/urdf_ex/install/sasmitha_urdf/share/sasmitha_urdf/package.bash'
[2.460s] INFO:colcon.colcon_core.shell:Creating package script '/urdf_ex/install/sasmitha_urdf/share/sasmitha_urdf/package.zsh'
[2.461s] Level 1:colcon.colcon_core.environment:create_file_with_runtime_dependencies(/urdf_ex/install/sasmitha_urdf/share/colcon-core/packages/sasmitha_urdf)
[2.530s] Level 1:colcon.colcon_core.environment:create_environment_scripts_only(sasmitha_urdf)
[2.535s] Level 1:colcon.colcon_core.environment:checking '/urdf_ex/install/sasmitha_urdf' for CMake module files
[2.536s] Level 1:colcon.colcon_core.environment:checking '/urdf_ex/install/sasmitha_urdf' for CMake config files
[2.537s] Level 1:colcon.colcon_core.shell:create_environment_hook('sasmitha_urdf', 'cmake_prefix_path')
[2.539s] INFO:colcon.colcon_core.shell:Creating environment hook '/urdf_ex/install/sasmitha_urdf/share/sasmitha_urdf/hook/cmake_prefix_path.ps1'
[2.541s] INFO:colcon.colcon_core.shell:Creating environment descriptor '/urdf_ex/install/sasmitha_urdf/share/sasmitha_urdf/hook/cmake_prefix_path.dsv'
[2.541s] INFO:colcon.colcon_core.shell:Creating environment hook '/urdf_ex/install/sasmitha_urdf/share/sasmitha_urdf/hook/cmake_prefix_path.sh'
[2.543s] Level 1:colcon.colcon_core.environment:checking '/urdf_ex/install/sasmitha_urdf/bin'
[2.543s] Level 1:colcon.colcon_core.environment:checking '/urdf_ex/install/sasmitha_urdf/lib/pkgconfig/sasmitha_urdf.pc'
[2.543s] Level 1:colcon.colcon_core.environment:checking '/urdf_ex/install/sasmitha_urdf/lib/python3.8/site-packages'
[2.544s] Level 1:colcon.colcon_core.environment:checking '/urdf_ex/install/sasmitha_urdf/bin'
[2.546s] INFO:colcon.colcon_core.shell:Creating package script '/urdf_ex/install/sasmitha_urdf/share/sasmitha_urdf/package.ps1'
[2.547s] INFO:colcon.colcon_core.shell:Creating package descriptor '/urdf_ex/install/sasmitha_urdf/share/sasmitha_urdf/package.dsv'
[2.548s] INFO:colcon.colcon_core.shell:Creating package script '/urdf_ex/install/sasmitha_urdf/share/sasmitha_urdf/package.sh'
[2.549s] INFO:colcon.colcon_core.shell:Creating package script '/urdf_ex/install/sasmitha_urdf/share/sasmitha_urdf/package.bash'
[2.550s] INFO:colcon.colcon_core.shell:Creating package script '/urdf_ex/install/sasmitha_urdf/share/sasmitha_urdf/package.zsh'
[2.550s] Level 1:colcon.colcon_core.environment:create_file_with_runtime_dependencies(/urdf_ex/install/sasmitha_urdf/share/colcon-core/packages/sasmitha_urdf)
[2.551s] DEBUG:colcon.colcon_parallel_executor.executor.parallel:closing loop
[2.553s] DEBUG:colcon.colcon_parallel_executor.executor.parallel:loop closed
[2.553s] DEBUG:colcon.colcon_parallel_executor.executor.parallel:run_until_complete finished with '0'
[2.553s] DEBUG:colcon.colcon_core.event_reactor:joining thread
[2.565s] INFO:colcon.colcon_core.plugin_system:Skipping extension 'colcon_notification.desktop_notification.notify_send': Could not find 'notify-send'
[2.565s] INFO:colcon.colcon_core.plugin_system:Skipping extension 'colcon_notification.desktop_notification.terminal_notifier': Not used on non-Darwin systems
[2.565s] INFO:colcon.colcon_core.plugin_system:Skipping extension 'colcon_notification.desktop_notification.win32': Not used on non-Windows systems
[2.566s] INFO:colcon.colcon_notification.desktop_notification:Sending desktop notification using 'notify2'
[2.579s] DEBUG:colcon.colcon_notification.desktop_notification.notify2:Failed to initialize notify2: org.freedesktop.DBus.Error.ServiceUnknown: The name org.freedesktop.Notifications was not provided by any .service files
[2.580s] DEBUG:colcon.colcon_core.event_reactor:joined thread
[2.586s] INFO:colcon.colcon_core.shell:Creating prefix script '/urdf_ex/install/local_setup.ps1'
[2.589s] INFO:colcon.colcon_core.shell:Creating prefix util module '/urdf_ex/install/_local_setup_util_ps1.py'
[2.593s] INFO:colcon.colcon_core.shell:Creating prefix chain script '/urdf_ex/install/setup.ps1'
[2.597s] INFO:colcon.colcon_core.shell:Creating prefix script '/urdf_ex/install/local_setup.sh'
[2.600s] INFO:colcon.colcon_core.shell:Creating prefix util module '/urdf_ex/install/_local_setup_util_sh.py'
[2.602s] INFO:colcon.colcon_core.shell:Creating prefix chain script '/urdf_ex/install/setup.sh'
[2.606s] INFO:colcon.colcon_core.shell:Creating prefix script '/urdf_ex/install/local_setup.bash'
[2.607s] INFO:colcon.colcon_core.shell:Creating prefix chain script '/urdf_ex/install/setup.bash'
[2.610s] INFO:colcon.colcon_core.shell:Creating prefix script '/urdf_ex/install/local_setup.zsh'
[2.611s] INFO:colcon.colcon_core.shell:Creating prefix chain script '/urdf_ex/install/setup.zsh'
