[0.356s] DEBUG:colcon:Command line arguments: ['/usr/bin/colcon', 'build']
[0.357s] DEBUG:colcon:Parsed command line arguments: Namespace(ament_cmake_args=None, base_paths=['.'], build_base='build', catkin_cmake_args=None, catkin_skip_building_tests=False, cmake_args=None, cmake_clean_cache=False, cmake_clean_first=False, cmake_force_configure=False, cmake_target=None, cmake_target_skip_unavailable=False, continue_on_error=False, event_handlers=None, executor='parallel', ignore_user_meta=False, install_base='install', log_base=None, log_level=None, main=<bound method BuildVerb.main of <colcon_core.verb.build.BuildVerb object at 0x7a8231c24a90>>, merge_install=False, metas=['./colcon.meta'], mixin=None, mixin_files=None, mixin_verb=('build',), packages_above=None, packages_above_and_dependencies=None, packages_above_depth=None, packages_end=None, packages_ignore=None, packages_ignore_regex=None, packages_select=None, packages_select_build_failed=False, packages_select_by_dep=None, packages_select_regex=None, packages_select_test_failures=False, packages_skip=None, packages_skip_build_finished=False, packages_skip_by_dep=None, packages_skip_regex=None, packages_skip_test_passed=False, packages_skip_up_to=None, packages_start=None, packages_up_to=None, packages_up_to_regex=None, parallel_workers=16, paths=None, symlink_install=False, test_result_base=None, verb_extension=<colcon_core.verb.build.BuildVerb object at 0x7a8231c24a90>, verb_name='build', verb_parser=<colcon_mixin.mixin.mixin_argument.MixinArgumentDecorator object at 0x7a8231bb10a0>)
[0.391s] Level 1:colcon.colcon_core.package_discovery:discover_packages(colcon_meta) check parameters
[0.391s] Level 1:colcon.colcon_core.package_discovery:discover_packages(recursive) check parameters
[0.391s] Level 1:colcon.colcon_core.package_discovery:discover_packages(ignore) check parameters
[0.391s] Level 1:colcon.colcon_core.package_discovery:discover_packages(path) check parameters
[0.391s] Level 1:colcon.colcon_core.package_discovery:discover_packages(colcon_meta) discover
[0.391s] Level 1:colcon.colcon_core.package_discovery:discover_packages(recursive) discover
[0.391s] INFO:colcon.colcon_core.package_discovery:Crawling recursively for packages in '/urdf_ex'
[0.392s] Level 1:colcon.colcon_core.package_identification:_identify(.) by extensions ['ignore', 'ignore_ament_install']
[0.392s] Level 1:colcon.colcon_core.package_identification:_identify(.) by extension 'ignore'
[0.392s] Level 1:colcon.colcon_core.package_identification:_identify(.) by extension 'ignore_ament_install'
[0.392s] Level 1:colcon.colcon_core.package_identification:_identify(.) by extensions ['colcon_pkg']
[0.392s] Level 1:colcon.colcon_core.package_identification:_identify(.) by extension 'colcon_pkg'
[0.392s] Level 1:colcon.colcon_core.package_identification:_identify(.) by extensions ['colcon_meta']
[0.392s] Level 1:colcon.colcon_core.package_identification:_identify(.) by extension 'colcon_meta'
[0.392s] Level 1:colcon.colcon_core.package_identification:_identify(.) by extensions ['ros']
[0.392s] Level 1:colcon.colcon_core.package_identification:_identify(.) by extension 'ros'
[0.423s] DEBUG:colcon.colcon_core.package_identification:Package '.' with type 'ros.ament_cmake' and name 'urdf_ex'
[0.423s] Level 1:colcon.colcon_core.package_discovery:discover_packages(recursive) using defaults
[0.423s] Level 1:colcon.colcon_core.package_discovery:discover_packages(ignore) discover
[0.423s] Level 1:colcon.colcon_core.package_discovery:discover_packages(ignore) using defaults
[0.423s] Level 1:colcon.colcon_core.package_discovery:discover_packages(path) discover
[0.423s] Level 1:colcon.colcon_core.package_discovery:discover_packages(path) using defaults
[0.448s] Level 5:colcon.colcon_core.verb:set package 'urdf_ex' build argument 'cmake_args' from command line to 'None'
[0.448s] Level 5:colcon.colcon_core.verb:set package 'urdf_ex' build argument 'cmake_target' from command line to 'None'
[0.448s] Level 5:colcon.colcon_core.verb:set package 'urdf_ex' build argument 'cmake_target_skip_unavailable' from command line to 'False'
[0.448s] Level 5:colcon.colcon_core.verb:set package 'urdf_ex' build argument 'cmake_clean_cache' from command line to 'False'
[0.448s] Level 5:colcon.colcon_core.verb:set package 'urdf_ex' build argument 'cmake_clean_first' from command line to 'False'
[0.448s] Level 5:colcon.colcon_core.verb:set package 'urdf_ex' build argument 'cmake_force_configure' from command line to 'False'
[0.448s] Level 5:colcon.colcon_core.verb:set package 'urdf_ex' build argument 'ament_cmake_args' from command line to 'None'
[0.448s] Level 5:colcon.colcon_core.verb:set package 'urdf_ex' build argument 'catkin_cmake_args' from command line to 'None'
[0.448s] Level 5:colcon.colcon_core.verb:set package 'urdf_ex' build argument 'catkin_skip_building_tests' from command line to 'False'
[0.448s] DEBUG:colcon.colcon_core.verb:Building package 'urdf_ex' with the following arguments: {'ament_cmake_args': None, 'build_base': '/urdf_ex/build/urdf_ex', 'catkin_cmake_args': None, 'catkin_skip_building_tests': False, 'cmake_args': None, 'cmake_clean_cache': False, 'cmake_clean_first': False, 'cmake_force_configure': False, 'cmake_target': None, 'cmake_target_skip_unavailable': False, 'install_base': '/urdf_ex/install/urdf_ex', 'merge_install': False, 'path': '/urdf_ex', 'symlink_install': False, 'test_result_base': None}
[0.449s] INFO:colcon.colcon_core.executor:Executing jobs using 'parallel' executor
[0.454s] DEBUG:colcon.colcon_parallel_executor.executor.parallel:run_until_complete
[0.454s] INFO:colcon.colcon_ros.task.ament_cmake.build:Building ROS package in '/urdf_ex' with build type 'ament_cmake'
[0.454s] INFO:colcon.colcon_cmake.task.cmake.build:Building CMake package in '/urdf_ex'
[0.460s] INFO:colcon.colcon_core.plugin_system:Skipping extension 'colcon_core.shell.bat': Not used on non-Windows systems
[0.461s] INFO:colcon.colcon_core.shell:Skip shell extension 'powershell' for command environment: Not usable outside of PowerShell
[0.461s] DEBUG:colcon.colcon_core.shell:Skip shell extension 'dsv' for command environment
[0.488s] DEBUG:colcon.colcon_core.event_handler.log_command:Invoking command in '/urdf_ex/build/urdf_ex': CMAKE_PREFIX_PATH=${CMAKE_PREFIX_PATH}:/opt/ros/foxy /usr/bin/cmake --build /urdf_ex/build/urdf_ex -- -j16 -l16
[0.591s] DEBUG:colcon.colcon_core.event_handler.log_command:Invoked command in '/urdf_ex/build/urdf_ex' returned '0': CMAKE_PREFIX_PATH=${CMAKE_PREFIX_PATH}:/opt/ros/foxy /usr/bin/cmake --build /urdf_ex/build/urdf_ex -- -j16 -l16
[0.705s] DEBUG:colcon.colcon_core.event_handler.log_command:Invoking command in '/urdf_ex/build/urdf_ex': CMAKE_PREFIX_PATH=${CMAKE_PREFIX_PATH}:/opt/ros/foxy /usr/bin/cmake --install /urdf_ex/build/urdf_ex
[0.735s] Level 1:colcon.colcon_core.environment:create_environment_scripts_only(urdf_ex)
[0.744s] DEBUG:colcon.colcon_core.event_handler.log_command:Invoked command in '/urdf_ex/build/urdf_ex' returned '0': CMAKE_PREFIX_PATH=${CMAKE_PREFIX_PATH}:/opt/ros/foxy /usr/bin/cmake --install /urdf_ex/build/urdf_ex
[0.750s] Level 1:colcon.colcon_core.environment:checking '/urdf_ex/install/urdf_ex' for CMake module files
[0.751s] Level 1:colcon.colcon_core.environment:checking '/urdf_ex/install/urdf_ex' for CMake config files
[0.751s] Level 1:colcon.colcon_core.shell:create_environment_hook('urdf_ex', 'cmake_prefix_path')
[0.754s] INFO:colcon.colcon_core.shell:Creating environment hook '/urdf_ex/install/urdf_ex/share/urdf_ex/hook/cmake_prefix_path.ps1'
[0.757s] INFO:colcon.colcon_core.shell:Creating environment descriptor '/urdf_ex/install/urdf_ex/share/urdf_ex/hook/cmake_prefix_path.dsv'
[0.758s] INFO:colcon.colcon_core.shell:Creating environment hook '/urdf_ex/install/urdf_ex/share/urdf_ex/hook/cmake_prefix_path.sh'
[0.761s] Level 1:colcon.colcon_core.environment:checking '/urdf_ex/install/urdf_ex/bin'
[0.761s] Level 1:colcon.colcon_core.environment:checking '/urdf_ex/install/urdf_ex/lib/pkgconfig/urdf_ex.pc'
[0.762s] Level 1:colcon.colcon_core.environment:checking '/urdf_ex/install/urdf_ex/lib/python3.8/site-packages'
[0.763s] Level 1:colcon.colcon_core.environment:checking '/urdf_ex/install/urdf_ex/bin'
[0.765s] INFO:colcon.colcon_core.shell:Creating package script '/urdf_ex/install/urdf_ex/share/urdf_ex/package.ps1'
[0.766s] INFO:colcon.colcon_core.shell:Creating package descriptor '/urdf_ex/install/urdf_ex/share/urdf_ex/package.dsv'
[0.767s] INFO:colcon.colcon_core.shell:Creating package script '/urdf_ex/install/urdf_ex/share/urdf_ex/package.sh'
[0.768s] INFO:colcon.colcon_core.shell:Creating package script '/urdf_ex/install/urdf_ex/share/urdf_ex/package.bash'
[0.769s] INFO:colcon.colcon_core.shell:Creating package script '/urdf_ex/install/urdf_ex/share/urdf_ex/package.zsh'
[0.772s] Level 1:colcon.colcon_core.environment:create_file_with_runtime_dependencies(/urdf_ex/install/urdf_ex/share/colcon-core/packages/urdf_ex)
[0.847s] Level 1:colcon.colcon_core.environment:create_environment_scripts_only(urdf_ex)
[0.850s] Level 1:colcon.colcon_core.environment:checking '/urdf_ex/install/urdf_ex' for CMake module files
[0.852s] Level 1:colcon.colcon_core.environment:checking '/urdf_ex/install/urdf_ex' for CMake config files
[0.852s] Level 1:colcon.colcon_core.shell:create_environment_hook('urdf_ex', 'cmake_prefix_path')
[0.855s] INFO:colcon.colcon_core.shell:Creating environment hook '/urdf_ex/install/urdf_ex/share/urdf_ex/hook/cmake_prefix_path.ps1'
[0.856s] INFO:colcon.colcon_core.shell:Creating environment descriptor '/urdf_ex/install/urdf_ex/share/urdf_ex/hook/cmake_prefix_path.dsv'
[0.857s] INFO:colcon.colcon_core.shell:Creating environment hook '/urdf_ex/install/urdf_ex/share/urdf_ex/hook/cmake_prefix_path.sh'
[0.859s] Level 1:colcon.colcon_core.environment:checking '/urdf_ex/install/urdf_ex/bin'
[0.859s] Level 1:colcon.colcon_core.environment:checking '/urdf_ex/install/urdf_ex/lib/pkgconfig/urdf_ex.pc'
[0.859s] Level 1:colcon.colcon_core.environment:checking '/urdf_ex/install/urdf_ex/lib/python3.8/site-packages'
[0.859s] Level 1:colcon.colcon_core.environment:checking '/urdf_ex/install/urdf_ex/bin'
[0.862s] INFO:colcon.colcon_core.shell:Creating package script '/urdf_ex/install/urdf_ex/share/urdf_ex/package.ps1'
[0.863s] INFO:colcon.colcon_core.shell:Creating package descriptor '/urdf_ex/install/urdf_ex/share/urdf_ex/package.dsv'
[0.864s] INFO:colcon.colcon_core.shell:Creating package script '/urdf_ex/install/urdf_ex/share/urdf_ex/package.sh'
[0.865s] INFO:colcon.colcon_core.shell:Creating package script '/urdf_ex/install/urdf_ex/share/urdf_ex/package.bash'
[0.866s] INFO:colcon.colcon_core.shell:Creating package script '/urdf_ex/install/urdf_ex/share/urdf_ex/package.zsh'
[0.867s] Level 1:colcon.colcon_core.environment:create_file_with_runtime_dependencies(/urdf_ex/install/urdf_ex/share/colcon-core/packages/urdf_ex)
[0.868s] DEBUG:colcon.colcon_parallel_executor.executor.parallel:closing loop
[0.870s] DEBUG:colcon.colcon_parallel_executor.executor.parallel:loop closed
[0.870s] DEBUG:colcon.colcon_parallel_executor.executor.parallel:run_until_complete finished with '0'
[0.870s] DEBUG:colcon.colcon_core.event_reactor:joining thread
[0.886s] INFO:colcon.colcon_core.plugin_system:Skipping extension 'colcon_notification.desktop_notification.notify_send': Could not find 'notify-send'
[0.887s] INFO:colcon.colcon_core.plugin_system:Skipping extension 'colcon_notification.desktop_notification.terminal_notifier': Not used on non-Darwin systems
[0.887s] INFO:colcon.colcon_core.plugin_system:Skipping extension 'colcon_notification.desktop_notification.win32': Not used on non-Windows systems
[0.887s] INFO:colcon.colcon_notification.desktop_notification:Sending desktop notification using 'notify2'
[0.905s] DEBUG:colcon.colcon_notification.desktop_notification.notify2:Failed to initialize notify2: org.freedesktop.DBus.Error.ServiceUnknown: The name org.freedesktop.Notifications was not provided by any .service files
[0.906s] DEBUG:colcon.colcon_core.event_reactor:joined thread
[0.911s] INFO:colcon.colcon_core.shell:Creating prefix script '/urdf_ex/install/local_setup.ps1'
[0.915s] INFO:colcon.colcon_core.shell:Creating prefix util module '/urdf_ex/install/_local_setup_util_ps1.py'
[0.921s] INFO:colcon.colcon_core.shell:Creating prefix chain script '/urdf_ex/install/setup.ps1'
[0.925s] INFO:colcon.colcon_core.shell:Creating prefix script '/urdf_ex/install/local_setup.sh'
[0.926s] INFO:colcon.colcon_core.shell:Creating prefix util module '/urdf_ex/install/_local_setup_util_sh.py'
[0.927s] INFO:colcon.colcon_core.shell:Creating prefix chain script '/urdf_ex/install/setup.sh'
[0.930s] INFO:colcon.colcon_core.shell:Creating prefix script '/urdf_ex/install/local_setup.bash'
[0.931s] INFO:colcon.colcon_core.shell:Creating prefix chain script '/urdf_ex/install/setup.bash'
[0.934s] INFO:colcon.colcon_core.shell:Creating prefix script '/urdf_ex/install/local_setup.zsh'
[0.935s] INFO:colcon.colcon_core.shell:Creating prefix chain script '/urdf_ex/install/setup.zsh'
