[0.013s] Invoking command in '/urdf_ex/build/urdf_ex': CMAKE_PREFIX_PATH=/opt/ros/foxy /usr/bin/cmake /urdf_ex -DCMAKE_INSTALL_PREFIX=/urdf_ex/install/urdf_ex
[0.134s] -- The C compiler identification is GNU 9.4.0
[0.212s] -- The CXX compiler identification is GNU 9.4.0
[0.220s] -- Check for working C compiler: /usr/bin/cc
[0.286s] -- Check for working C compiler: /usr/bin/cc -- works
[0.287s] -- Detecting C compiler ABI info
[0.349s] -- Detecting C compiler ABI info - done
[0.360s] -- Detecting C compile features
[0.361s] -- Detecting C compile features - done
[0.364s] -- Check for working CXX compiler: /usr/bin/c++
[0.436s] -- Check for working CXX compiler: /usr/bin/c++ -- works
[0.437s] -- Detecting CXX compiler ABI info
[0.511s] -- Detecting CXX compiler ABI info - done
[0.522s] -- Detecting CXX compile features
[0.523s] -- Detecting CXX compile features - done
[0.525s] -- Found ament_cmake: 0.9.12 (/opt/ros/foxy/share/ament_cmake/cmake)
[0.543s] -- Found PythonInterp: /usr/bin/python3 (found suitable version "3.8.10", minimum required is "3") 
[0.543s] -- Using PYTHON_EXECUTABLE: /usr/bin/python3
[0.653s] -- Found ament_lint_auto: 0.9.8 (/opt/ros/foxy/share/ament_lint_auto/cmake)
[0.704s] -- Added test 'copyright' to check source files copyright and LICENSE
[0.707s] -- Added test 'cppcheck' to perform static code analysis on C / C++ code
[0.707s] -- Configured cppcheck include dirs: 
[0.707s] -- Configured cppcheck exclude dirs and/or files: 
[0.709s] -- Added test 'cpplint' to check C / C++ code against the Google style
[0.709s] -- Configured cpplint exclude dirs and/or files: 
[0.709s] -- Added test 'flake8' to check Python code syntax and style conventions
[0.710s] -- Added test 'lint_cmake' to check CMake code style
[0.711s] -- Added test 'pep257' to check Python code against some of the style conventions in PEP 257
[0.718s] -- Added test 'uncrustify' to check C / C++ code style
[0.718s] -- Configured uncrustify additional arguments: 
[0.721s] -- Added test 'xmllint' to check XML markup files
[0.723s] -- Configuring done
[0.724s] -- Generating done
[0.725s] -- Build files have been written to: /urdf_ex/build/urdf_ex
[0.727s] Invoked command in '/urdf_ex/build/urdf_ex' returned '0': CMAKE_PREFIX_PATH=/opt/ros/foxy /usr/bin/cmake /urdf_ex -DCMAKE_INSTALL_PREFIX=/urdf_ex/install/urdf_ex
[0.730s] Invoking command in '/urdf_ex/build/urdf_ex': CMAKE_PREFIX_PATH=/opt/ros/foxy /usr/bin/cmake --build /urdf_ex/build/urdf_ex -- -j16 -l16
[0.761s] Invoked command in '/urdf_ex/build/urdf_ex' returned '0': CMAKE_PREFIX_PATH=/opt/ros/foxy /usr/bin/cmake --build /urdf_ex/build/urdf_ex -- -j16 -l16
[0.805s] Invoking command in '/urdf_ex/build/urdf_ex': CMAKE_PREFIX_PATH=/opt/ros/foxy /usr/bin/cmake --install /urdf_ex/build/urdf_ex
[0.816s] -- Install configuration: ""
[0.817s] -- Installing: /urdf_ex/install/urdf_ex/share/urdf_ex//launch
[0.817s] -- Installing: /urdf_ex/install/urdf_ex/share/urdf_ex//launch/simulation.launch.py
[0.818s] -- Installing: /urdf_ex/install/urdf_ex/share/urdf_ex//urdf
[0.818s] -- Installing: /urdf_ex/install/urdf_ex/share/urdf_ex//urdf/robot.gazebo
[0.818s] -- Installing: /urdf_ex/install/urdf_ex/share/urdf_ex//urdf/robot.xacro
[0.819s] -- Installing: /urdf_ex/install/urdf_ex/share/urdf_ex//worlds
[0.819s] -- Installing: /urdf_ex/install/urdf_ex/share/urdf_ex//worlds/four_walls.world
[0.819s] -- Installing: /urdf_ex/install/urdf_ex/share/urdf_ex//worlds/gazebo_four_walls.world
[0.819s] -- Installing: /urdf_ex/install/urdf_ex/share/ament_index/resource_index/package_run_dependencies/urdf_ex
[0.819s] -- Installing: /urdf_ex/install/urdf_ex/share/ament_index/resource_index/parent_prefix_path/urdf_ex
[0.819s] -- Installing: /urdf_ex/install/urdf_ex/share/urdf_ex/environment/ament_prefix_path.sh
[0.820s] -- Installing: /urdf_ex/install/urdf_ex/share/urdf_ex/environment/ament_prefix_path.dsv
[0.820s] -- Installing: /urdf_ex/install/urdf_ex/share/urdf_ex/environment/path.sh
[0.820s] -- Installing: /urdf_ex/install/urdf_ex/share/urdf_ex/environment/path.dsv
[0.820s] -- Installing: /urdf_ex/install/urdf_ex/share/urdf_ex/local_setup.bash
[0.820s] -- Installing: /urdf_ex/install/urdf_ex/share/urdf_ex/local_setup.sh
[0.820s] -- Installing: /urdf_ex/install/urdf_ex/share/urdf_ex/local_setup.zsh
[0.820s] -- Installing: /urdf_ex/install/urdf_ex/share/urdf_ex/local_setup.dsv
[0.820s] -- Installing: /urdf_ex/install/urdf_ex/share/urdf_ex/package.dsv
[0.821s] -- Installing: /urdf_ex/install/urdf_ex/share/ament_index/resource_index/packages/urdf_ex
[0.821s] -- Installing: /urdf_ex/install/urdf_ex/share/urdf_ex/cmake/urdf_exConfig.cmake
[0.821s] -- Installing: /urdf_ex/install/urdf_ex/share/urdf_ex/cmake/urdf_exConfig-version.cmake
[0.821s] -- Installing: /urdf_ex/install/urdf_ex/share/urdf_ex/package.xml
[0.823s] Invoked command in '/urdf_ex/build/urdf_ex' returned '0': CMAKE_PREFIX_PATH=/opt/ros/foxy /usr/bin/cmake --install /urdf_ex/build/urdf_ex
